Analysis & Synthesis report for Data_Extraction_System
Sat Feb 09 01:18:38 2019
Quartus Prime Version 16.1.0 Build 196 10/24/2016 SJ Lite Edition


---------------------
; Table of Contents ;
---------------------
  1. Legal Notice
  2. Analysis & Synthesis Summary
  3. Analysis & Synthesis Settings
  4. Parallel Compilation
  5. Analysis & Synthesis Source Files Read
  6. Analysis & Synthesis Resource Usage Summary
  7. Analysis & Synthesis Resource Utilization by Entity
  8. State Machine - |SendData1|FIFObuffer:b2v_inst16|state
  9. State Machine - |SendData1|DEStx:b2v_inst15|state
 10. State Machine - |SendData1|DESrx:b2v_inst|state
 11. Registers Removed During Synthesis
 12. Removed Registers Triggering Further Register Optimizations
 13. General Register Statistics
 14. Multiplexer Restructuring Statistics (Restructuring Performed)
 15. Parameter Settings for User Entity Instance: pulser:b2v_inst1
 16. Parameter Settings for User Entity Instance: FIFObuffer:b2v_inst16
 17. Parameter Settings for User Entity Instance: addressBlock:b2v_inst2
 18. Parameter Settings for User Entity Instance: CLK_DIVIDER:b2v_inst20
 19. Parameter Settings for User Entity Instance: pulser:b2v_inst3
 20. Port Connectivity Checks: "addressBlock:b2v_inst2"
 21. Port Connectivity Checks: "FIFObuffer:b2v_inst16"
 22. Post-Synthesis Netlist Statistics for Top Partition
 23. Elapsed Time Per Partition
 24. Analysis & Synthesis Messages



----------------
; Legal Notice ;
----------------
Copyright (C) 2016  Intel Corporation. All rights reserved.
Your use of Intel Corporation's design tools, logic functions 
and other software and tools, and its AMPP partner logic 
functions, and any output files from any of the foregoing 
(including device programming or simulation files), and any 
associated documentation or information are expressly subject 
to the terms and conditions of the Intel Program License 
Subscription Agreement, the Intel Quartus Prime License Agreement,
the Intel MegaCore Function License Agreement, or other 
applicable license agreement, including, without limitation, 
that your use is for the sole purpose of programming logic 
devices manufactured by Intel and sold by Intel or its 
authorized distributors.  Please refer to the applicable 
agreement for further details.



+----------------------------------------------------------------------------------+
; Analysis & Synthesis Summary                                                     ;
+------------------------------------+---------------------------------------------+
; Analysis & Synthesis Status        ; Successful - Sat Feb 09 01:18:38 2019       ;
; Quartus Prime Version              ; 16.1.0 Build 196 10/24/2016 SJ Lite Edition ;
; Revision Name                      ; Data_Extraction_System                      ;
; Top-level Entity Name              ; SendData1                                   ;
; Family                             ; Cyclone IV E                                ;
; Total logic elements               ; 0                                           ;
;     Total combinational functions  ; 0                                           ;
;     Dedicated logic registers      ; 0                                           ;
; Total registers                    ; 0                                           ;
; Total pins                         ; 1                                           ;
; Total virtual pins                 ; 0                                           ;
; Total memory bits                  ; 0                                           ;
; Embedded Multiplier 9-bit elements ; 0                                           ;
; Total PLLs                         ; 0                                           ;
+------------------------------------+---------------------------------------------+


+--------------------------------------------------------------------------------------------------------------------------+
; Analysis & Synthesis Settings                                                                                            ;
+----------------------------------------------------------------------------+--------------------+------------------------+
; Option                                                                     ; Setting            ; Default Value          ;
+----------------------------------------------------------------------------+--------------------+------------------------+
; Device                                                                     ; EP4CE22F17C6       ;                        ;
; Top-level entity name                                                      ; SendData1          ; Data_Extraction_System ;
; Family name                                                                ; Cyclone IV E       ; Cyclone V              ;
; Use smart compilation                                                      ; Off                ; Off                    ;
; Enable parallel Assembler and TimeQuest Timing Analyzer during compilation ; On                 ; On                     ;
; Enable compact report table                                                ; Off                ; Off                    ;
; Restructure Multiplexers                                                   ; Auto               ; Auto                   ;
; Create Debugging Nodes for IP Cores                                        ; Off                ; Off                    ;
; Preserve fewer node names                                                  ; On                 ; On                     ;
; OpenCore Plus hardware evaluation                                          ; Enable             ; Enable                 ;
; Verilog Version                                                            ; Verilog_2001       ; Verilog_2001           ;
; VHDL Version                                                               ; VHDL_1993          ; VHDL_1993              ;
; State Machine Processing                                                   ; Auto               ; Auto                   ;
; Safe State Machine                                                         ; Off                ; Off                    ;
; Extract Verilog State Machines                                             ; On                 ; On                     ;
; Extract VHDL State Machines                                                ; On                 ; On                     ;
; Ignore Verilog initial constructs                                          ; Off                ; Off                    ;
; Iteration limit for constant Verilog loops                                 ; 5000               ; 5000                   ;
; Iteration limit for non-constant Verilog loops                             ; 250                ; 250                    ;
; Add Pass-Through Logic to Inferred RAMs                                    ; On                 ; On                     ;
; Infer RAMs from Raw Logic                                                  ; On                 ; On                     ;
; Parallel Synthesis                                                         ; On                 ; On                     ;
; DSP Block Balancing                                                        ; Auto               ; Auto                   ;
; NOT Gate Push-Back                                                         ; On                 ; On                     ;
; Power-Up Don't Care                                                        ; On                 ; On                     ;
; Remove Redundant Logic Cells                                               ; Off                ; Off                    ;
; Remove Duplicate Registers                                                 ; On                 ; On                     ;
; Ignore CARRY Buffers                                                       ; Off                ; Off                    ;
; Ignore CASCADE Buffers                                                     ; Off                ; Off                    ;
; Ignore GLOBAL Buffers                                                      ; Off                ; Off                    ;
; Ignore ROW GLOBAL Buffers                                                  ; Off                ; Off                    ;
; Ignore LCELL Buffers                                                       ; Off                ; Off                    ;
; Ignore SOFT Buffers                                                        ; On                 ; On                     ;
; Limit AHDL Integers to 32 Bits                                             ; Off                ; Off                    ;
; Optimization Technique                                                     ; Balanced           ; Balanced               ;
; Carry Chain Length                                                         ; 70                 ; 70                     ;
; Auto Carry Chains                                                          ; On                 ; On                     ;
; Auto Open-Drain Pins                                                       ; On                 ; On                     ;
; Perform WYSIWYG Primitive Resynthesis                                      ; Off                ; Off                    ;
; Auto ROM Replacement                                                       ; On                 ; On                     ;
; Auto RAM Replacement                                                       ; On                 ; On                     ;
; Auto DSP Block Replacement                                                 ; On                 ; On                     ;
; Auto Shift Register Replacement                                            ; Auto               ; Auto                   ;
; Allow Shift Register Merging across Hierarchies                            ; Auto               ; Auto                   ;
; Auto Clock Enable Replacement                                              ; On                 ; On                     ;
; Strict RAM Replacement                                                     ; Off                ; Off                    ;
; Allow Synchronous Control Signals                                          ; On                 ; On                     ;
; Force Use of Synchronous Clear Signals                                     ; Off                ; Off                    ;
; Auto RAM Block Balancing                                                   ; On                 ; On                     ;
; Auto RAM to Logic Cell Conversion                                          ; Off                ; Off                    ;
; Auto Resource Sharing                                                      ; Off                ; Off                    ;
; Allow Any RAM Size For Recognition                                         ; Off                ; Off                    ;
; Allow Any ROM Size For Recognition                                         ; Off                ; Off                    ;
; Allow Any Shift Register Size For Recognition                              ; Off                ; Off                    ;
; Use LogicLock Constraints during Resource Balancing                        ; On                 ; On                     ;
; Ignore translate_off and synthesis_off directives                          ; Off                ; Off                    ;
; Timing-Driven Synthesis                                                    ; On                 ; On                     ;
; Report Parameter Settings                                                  ; On                 ; On                     ;
; Report Source Assignments                                                  ; On                 ; On                     ;
; Report Connectivity Checks                                                 ; On                 ; On                     ;
; Ignore Maximum Fan-Out Assignments                                         ; Off                ; Off                    ;
; Synchronization Register Chain Length                                      ; 2                  ; 2                      ;
; PowerPlay Power Optimization During Synthesis                              ; Normal compilation ; Normal compilation     ;
; HDL message level                                                          ; Level2             ; Level2                 ;
; Suppress Register Optimization Related Messages                            ; Off                ; Off                    ;
; Number of Removed Registers Reported in Synthesis Report                   ; 5000               ; 5000                   ;
; Number of Swept Nodes Reported in Synthesis Report                         ; 5000               ; 5000                   ;
; Number of Inverted Registers Reported in Synthesis Report                  ; 100                ; 100                    ;
; Clock MUX Protection                                                       ; On                 ; On                     ;
; Auto Gated Clock Conversion                                                ; Off                ; Off                    ;
; Block Design Naming                                                        ; Auto               ; Auto                   ;
; SDC constraint protection                                                  ; Off                ; Off                    ;
; Synthesis Effort                                                           ; Auto               ; Auto                   ;
; Shift Register Replacement - Allow Asynchronous Clear Signal               ; On                 ; On                     ;
; Pre-Mapping Resynthesis Optimization                                       ; Off                ; Off                    ;
; Analysis & Synthesis Message Level                                         ; Medium             ; Medium                 ;
; Disable Register Merging Across Hierarchies                                ; Auto               ; Auto                   ;
; Resource Aware Inference For Block RAM                                     ; On                 ; On                     ;
+----------------------------------------------------------------------------+--------------------+------------------------+


+------------------------------------------+
; Parallel Compilation                     ;
+----------------------------+-------------+
; Processors                 ; Number      ;
+----------------------------+-------------+
; Number detected on machine ; 12          ;
; Maximum allowed            ; 12          ;
;                            ;             ;
; Average used               ; 1.00        ;
; Maximum used               ; 1           ;
;                            ;             ;
; Usage by Processor         ; % Time Used ;
;     Processor 1            ; 100.0%      ;
+----------------------------+-------------+


+-------------------------------------------------------------------------------------------------------------------------------------------------------------------------------------+
; Analysis & Synthesis Source Files Read                                                                                                                                              ;
+----------------------------------+-----------------+-----------------+----------------------------------------------------------------------------------------------------+---------+
; File Name with User-Entered Path ; Used in Netlist ; File Type       ; File Name with Absolute Path                                                                       ; Library ;
+----------------------------------+-----------------+-----------------+----------------------------------------------------------------------------------------------------+---------+
; addressBlock.vhd                 ; yes             ; User VHDL File  ; C:/Users/Zed/Desktop/PROJ324 - Project Folder/PROJ324/VHDL/Data_Extraction_System/addressBlock.vhd ;         ;
; FIFObuffer.vhd                   ; yes             ; User VHDL File  ; C:/Users/Zed/Desktop/PROJ324 - Project Folder/PROJ324/VHDL/Data_Extraction_System/FIFObuffer.vhd   ;         ;
; CLK_DIVIDER.vhd                  ; yes             ; User VHDL File  ; C:/Users/Zed/Desktop/PROJ324 - Project Folder/PROJ324/VHDL/Data_Extraction_System/CLK_DIVIDER.vhd  ;         ;
; DESrx.vhd                        ; yes             ; User VHDL File  ; C:/Users/Zed/Desktop/PROJ324 - Project Folder/PROJ324/VHDL/Data_Extraction_System/DESrx.vhd        ;         ;
; DEStx.vhd                        ; yes             ; User VHDL File  ; C:/Users/Zed/Desktop/PROJ324 - Project Folder/PROJ324/VHDL/Data_Extraction_System/DEStx.vhd        ;         ;
; pulser.vhd                       ; yes             ; User VHDL File  ; C:/Users/Zed/Desktop/PROJ324 - Project Folder/PROJ324/VHDL/Data_Extraction_System/pulser.vhd       ;         ;
; SendData1.vhd                    ; yes             ; User VHDL File  ; C:/Users/Zed/Desktop/PROJ324 - Project Folder/PROJ324/VHDL/Data_Extraction_System/SendData1.vhd    ;         ;
+----------------------------------+-----------------+-----------------+----------------------------------------------------------------------------------------------------+---------+


+---------------------------------------------------------+
; Analysis & Synthesis Resource Usage Summary             ;
+---------------------------------------------+-----------+
; Resource                                    ; Usage     ;
+---------------------------------------------+-----------+
;                                             ;           ;
; Total combinational functions               ; 0         ;
; Logic element usage by number of LUT inputs ;           ;
;     -- 4 input functions                    ; 0         ;
;     -- 3 input functions                    ; 0         ;
;     -- <=2 input functions                  ; 0         ;
;                                             ;           ;
; Logic elements by mode                      ;           ;
;     -- normal mode                          ; 0         ;
;     -- arithmetic mode                      ; 0         ;
;                                             ;           ;
; Total registers                             ; 0         ;
;     -- Dedicated logic registers            ; 0         ;
;     -- I/O registers                        ; 0         ;
;                                             ;           ;
; I/O pins                                    ; 1         ;
;                                             ;           ;
; Embedded Multiplier 9-bit elements          ; 0         ;
;                                             ;           ;
; Maximum fan-out node                        ; CLK_50MHz ;
; Maximum fan-out                             ; 1         ;
; Total fan-out                               ; 1         ;
; Average fan-out                             ; 0.50      ;
+---------------------------------------------+-----------+


+----------------------------------------------------------------------------------------------------------------------------------------------------------------------------------------------------------+
; Analysis & Synthesis Resource Utilization by Entity                                                                                                                                                      ;
+----------------------------+---------------------+---------------------------+-------------+--------------+---------+-----------+------+--------------+---------------------+-------------+--------------+
; Compilation Hierarchy Node ; Combinational ALUTs ; Dedicated Logic Registers ; Memory Bits ; DSP Elements ; DSP 9x9 ; DSP 18x18 ; Pins ; Virtual Pins ; Full Hierarchy Name ; Entity Name ; Library Name ;
+----------------------------+---------------------+---------------------------+-------------+--------------+---------+-----------+------+--------------+---------------------+-------------+--------------+
; |SendData1                 ; 0 (0)               ; 0 (0)                     ; 0           ; 0            ; 0       ; 0         ; 1    ; 0            ; |SendData1          ; SendData1   ; work         ;
+----------------------------+---------------------+---------------------------+-------------+--------------+---------+-----------+------+--------------+---------------------+-------------+--------------+
Note: For table entries with two numbers listed, the numbers in parentheses indicate the number of resources of the given type used by the specific entity alone. The numbers listed outside of parentheses indicate the total resources of the given type used by the specific entity and all of its sub-entities in the hierarchy.


Encoding Type:  One-Hot
+--------------------------------------------------------+
; State Machine - |SendData1|FIFObuffer:b2v_inst16|state ;
+-------------+------------+-------------+---------------+
; Name        ; state.SEND ; state.STORE ; state.IDLE    ;
+-------------+------------+-------------+---------------+
; state.IDLE  ; 0          ; 0           ; 0             ;
; state.STORE ; 0          ; 1           ; 1             ;
; state.SEND  ; 1          ; 0           ; 1             ;
+-------------+------------+-------------+---------------+


Encoding Type:  One-Hot
+--------------------------------------------------------------------------------------------------------------+
; State Machine - |SendData1|DEStx:b2v_inst15|state                                                            ;
+-----------------+----------------+-------------+-----------------+--------------+---------------+------------+
; Name            ; state.W4BFFRtx ; state.NXTtx ; state.WAITINGtx ; state.STRTtx ; state.RDY2SND ; state.IDLE ;
+-----------------+----------------+-------------+-----------------+--------------+---------------+------------+
; state.IDLE      ; 0              ; 0           ; 0               ; 0            ; 0             ; 0          ;
; state.RDY2SND   ; 0              ; 0           ; 0               ; 0            ; 1             ; 1          ;
; state.STRTtx    ; 0              ; 0           ; 0               ; 1            ; 0             ; 1          ;
; state.WAITINGtx ; 0              ; 0           ; 1               ; 0            ; 0             ; 1          ;
; state.NXTtx     ; 0              ; 1           ; 0               ; 0            ; 0             ; 1          ;
; state.W4BFFRtx  ; 1              ; 0           ; 0               ; 0            ; 0             ; 1          ;
+-----------------+----------------+-------------+-----------------+--------------+---------------+------------+


Encoding Type:  One-Hot
+--------------------------------------------------------------------------------------------------------------------+
; State Machine - |SendData1|DESrx:b2v_inst|state                                                                    ;
+------------------+----------------+------------------+-----------------+--------------+---------------+------------+
; Name             ; state.W4BFFRrx ; state.STOREstate ; state.WAITINGrx ; state.STRTrx ; state.NXTADDR ; state.IDLE ;
+------------------+----------------+------------------+-----------------+--------------+---------------+------------+
; state.IDLE       ; 0              ; 0                ; 0               ; 0            ; 0             ; 0          ;
; state.NXTADDR    ; 0              ; 0                ; 0               ; 0            ; 1             ; 1          ;
; state.STRTrx     ; 0              ; 0                ; 0               ; 1            ; 0             ; 1          ;
; state.WAITINGrx  ; 0              ; 0                ; 1               ; 0            ; 0             ; 1          ;
; state.STOREstate ; 0              ; 1                ; 0               ; 0            ; 0             ; 1          ;
; state.W4BFFRrx   ; 1              ; 0                ; 0               ; 0            ; 0             ; 1          ;
+------------------+----------------+------------------+-----------------+--------------+---------------+------------+


+--------------------------------------------------------------+
; Registers Removed During Synthesis                           ;
+-----------------------------------------+--------------------+
; Register name                           ; Reason for Removal ;
+-----------------------------------------+--------------------+
; CLK_DIVIDER:b2v_inst20|CLK_OUT          ; Lost fanout        ;
; pulser:b2v_inst3|output                 ; Lost fanout        ;
; DEStx:b2v_inst15|nextTx[0..31]          ; Lost fanout        ;
; DESrx:b2v_inst|addNo[0..31]             ; Lost fanout        ;
; pulser:b2v_inst1|output                 ; Lost fanout        ;
; CLK_DIVIDER:b2v_inst20|OutputState      ; Lost fanout        ;
; CLK_DIVIDER:b2v_inst20|Counter[0..4]    ; Lost fanout        ;
; FIFObuffer:b2v_inst16|NS[0..3]          ; Lost fanout        ;
; FIFObuffer:b2v_inst16|OS[0..3]          ; Lost fanout        ;
; pulser:b2v_inst3|x[0..31]               ; Lost fanout        ;
; pulser:b2v_inst3|y                      ; Lost fanout        ;
; pulser:b2v_inst1|x[0..31]               ; Lost fanout        ;
; pulser:b2v_inst1|y                      ; Lost fanout        ;
; FIFObuffer:b2v_inst16|FS[0..3]          ; Lost fanout        ;
; FIFObuffer:b2v_inst16|state.IDLE        ; Lost fanout        ;
; FIFObuffer:b2v_inst16|state.STORE       ; Lost fanout        ;
; FIFObuffer:b2v_inst16|state.SEND        ; Lost fanout        ;
; DEStx:b2v_inst15|state.IDLE             ; Lost fanout        ;
; DEStx:b2v_inst15|state.RDY2SND          ; Lost fanout        ;
; DEStx:b2v_inst15|state.STRTtx           ; Lost fanout        ;
; DEStx:b2v_inst15|state.WAITINGtx        ; Lost fanout        ;
; DEStx:b2v_inst15|state.NXTtx            ; Lost fanout        ;
; DEStx:b2v_inst15|state.W4BFFRtx         ; Lost fanout        ;
; DESrx:b2v_inst|state.IDLE               ; Lost fanout        ;
; DESrx:b2v_inst|state.NXTADDR            ; Lost fanout        ;
; DESrx:b2v_inst|state.STRTrx             ; Lost fanout        ;
; DESrx:b2v_inst|state.WAITINGrx          ; Lost fanout        ;
; DESrx:b2v_inst|state.STOREstate         ; Lost fanout        ;
; DESrx:b2v_inst|state.W4BFFRrx           ; Lost fanout        ;
; Total Number of Removed Registers = 166 ;                    ;
+-----------------------------------------+--------------------+


+----------------------------------------------------------------------------------------------------------------------------------------------+
; Removed Registers Triggering Further Register Optimizations                                                                                  ;
+-----------------------------------+--------------------+-------------------------------------------------------------------------------------+
; Register name                     ; Reason for Removal ; Registers Removed due to This Register                                              ;
+-----------------------------------+--------------------+-------------------------------------------------------------------------------------+
; FIFObuffer:b2v_inst16|NS[0]       ; Lost Fanouts       ; FIFObuffer:b2v_inst16|NS[1], FIFObuffer:b2v_inst16|NS[2],                           ;
;                                   ;                    ; FIFObuffer:b2v_inst16|NS[3], FIFObuffer:b2v_inst16|OS[0],                           ;
;                                   ;                    ; FIFObuffer:b2v_inst16|OS[1], FIFObuffer:b2v_inst16|OS[2],                           ;
;                                   ;                    ; FIFObuffer:b2v_inst16|OS[3], FIFObuffer:b2v_inst16|FS[0],                           ;
;                                   ;                    ; FIFObuffer:b2v_inst16|FS[1], FIFObuffer:b2v_inst16|FS[2],                           ;
;                                   ;                    ; FIFObuffer:b2v_inst16|FS[3], FIFObuffer:b2v_inst16|state.IDLE,                      ;
;                                   ;                    ; FIFObuffer:b2v_inst16|state.STORE, FIFObuffer:b2v_inst16|state.SEND                 ;
; pulser:b2v_inst3|output           ; Lost Fanouts       ; pulser:b2v_inst3|x[0], pulser:b2v_inst3|x[1], pulser:b2v_inst3|x[2],                ;
;                                   ;                    ; pulser:b2v_inst3|x[3], pulser:b2v_inst3|x[4], pulser:b2v_inst3|x[5],                ;
;                                   ;                    ; pulser:b2v_inst3|x[6], pulser:b2v_inst3|x[7], pulser:b2v_inst3|x[8],                ;
;                                   ;                    ; pulser:b2v_inst3|x[9], pulser:b2v_inst3|y, DEStx:b2v_inst15|state.STRTtx            ;
; pulser:b2v_inst1|output           ; Lost Fanouts       ; pulser:b2v_inst1|x[0], pulser:b2v_inst1|x[1], pulser:b2v_inst1|x[2],                ;
;                                   ;                    ; pulser:b2v_inst1|x[3], pulser:b2v_inst1|x[4], pulser:b2v_inst1|x[5],                ;
;                                   ;                    ; pulser:b2v_inst1|x[6], pulser:b2v_inst1|x[7], pulser:b2v_inst1|x[8],                ;
;                                   ;                    ; pulser:b2v_inst1|x[9], pulser:b2v_inst1|y, DESrx:b2v_inst|state.STRTrx              ;
; DEStx:b2v_inst15|nextTx[2]        ; Lost Fanouts       ; DEStx:b2v_inst15|nextTx[3], DEStx:b2v_inst15|nextTx[4], DEStx:b2v_inst15|nextTx[5], ;
;                                   ;                    ; DEStx:b2v_inst15|nextTx[6], DEStx:b2v_inst15|nextTx[7], DEStx:b2v_inst15|nextTx[8], ;
;                                   ;                    ; DEStx:b2v_inst15|nextTx[9]                                                          ;
; DESrx:b2v_inst|addNo[2]           ; Lost Fanouts       ; DESrx:b2v_inst|addNo[3], DESrx:b2v_inst|addNo[4], DESrx:b2v_inst|addNo[5],          ;
;                                   ;                    ; DESrx:b2v_inst|addNo[6], DESrx:b2v_inst|addNo[7], DESrx:b2v_inst|addNo[8],          ;
;                                   ;                    ; DESrx:b2v_inst|addNo[9]                                                             ;
; CLK_DIVIDER:b2v_inst20|CLK_OUT    ; Lost Fanouts       ; CLK_DIVIDER:b2v_inst20|OutputState                                                  ;
; DEStx:b2v_inst15|nextTx[0]        ; Lost Fanouts       ; DEStx:b2v_inst15|state.NXTtx                                                        ;
; DESrx:b2v_inst|addNo[0]           ; Lost Fanouts       ; DESrx:b2v_inst|state.STOREstate                                                     ;
; CLK_DIVIDER:b2v_inst20|Counter[4] ; Lost Fanouts       ; CLK_DIVIDER:b2v_inst20|Counter[3]                                                   ;
+-----------------------------------+--------------------+-------------------------------------------------------------------------------------+


+------------------------------------------------------+
; General Register Statistics                          ;
+----------------------------------------------+-------+
; Statistic                                    ; Value ;
+----------------------------------------------+-------+
; Total registers                              ; 0     ;
; Number of registers using Synchronous Clear  ; 0     ;
; Number of registers using Synchronous Load   ; 0     ;
; Number of registers using Asynchronous Clear ; 0     ;
; Number of registers using Asynchronous Load  ; 0     ;
; Number of registers using Clock Enable       ; 0     ;
; Number of registers using Preset             ; 0     ;
+----------------------------------------------+-------+


+------------------------------------------------------------------------------------------------------------------------------------------------------+
; Multiplexer Restructuring Statistics (Restructuring Performed)                                                                                       ;
+--------------------+-----------+---------------+----------------------+------------------------+------------+----------------------------------------+
; Multiplexer Inputs ; Bus Width ; Baseline Area ; Area if Restructured ; Saving if Restructured ; Registered ; Example Multiplexer Output             ;
+--------------------+-----------+---------------+----------------------+------------------------+------------+----------------------------------------+
; 5:1                ; 4 bits    ; 12 LEs        ; 4 LEs                ; 8 LEs                  ; Yes        ; |SendData1|FIFObuffer:b2v_inst16|OS[3] ;
; 5:1                ; 4 bits    ; 12 LEs        ; 8 LEs                ; 4 LEs                  ; Yes        ; |SendData1|FIFObuffer:b2v_inst16|FS[0] ;
; 6:1                ; 4 bits    ; 16 LEs        ; 8 LEs                ; 8 LEs                  ; Yes        ; |SendData1|FIFObuffer:b2v_inst16|NS[1] ;
; 4:1                ; 3 bits    ; 6 LEs         ; 6 LEs                ; 0 LEs                  ; No         ; |SendData1|FIFObuffer:b2v_inst16|state ;
; 9:1                ; 3 bits    ; 18 LEs        ; 12 LEs               ; 6 LEs                  ; No         ; |SendData1|DEStx:b2v_inst15|Selector0  ;
; 10:1               ; 2 bits    ; 12 LEs        ; 6 LEs                ; 6 LEs                  ; No         ; |SendData1|DEStx:b2v_inst15|Selector2  ;
+--------------------+-----------+---------------+----------------------+------------------------+------------+----------------------------------------+


+---------------------------------------------------------------+
; Parameter Settings for User Entity Instance: pulser:b2v_inst1 ;
+----------------+-------+--------------------------------------+
; Parameter Name ; Value ; Type                                 ;
+----------------+-------+--------------------------------------+
; count          ; 25    ; Signed Integer                       ;
+----------------+-------+--------------------------------------+
Note: In order to hide this table in the UI and the text report file, please set the "Show Parameter Settings in Synthesis Report" option in "Analysis and Synthesis Settings -> More Settings" to "Off".


+--------------------------------------------------------------------+
; Parameter Settings for User Entity Instance: FIFObuffer:b2v_inst16 ;
+----------------+-------+-------------------------------------------+
; Parameter Name ; Value ; Type                                      ;
+----------------+-------+-------------------------------------------+
; array_size     ; 12    ; Signed Integer                            ;
; dw             ; 16    ; Signed Integer                            ;
; noIMU          ; 000   ; Unsigned Binary                           ;
+----------------+-------+-------------------------------------------+
Note: In order to hide this table in the UI and the text report file, please set the "Show Parameter Settings in Synthesis Report" option in "Analysis and Synthesis Settings -> More Settings" to "Off".


+---------------------------------------------------------------------+
; Parameter Settings for User Entity Instance: addressBlock:b2v_inst2 ;
+----------------+-------+--------------------------------------------+
; Parameter Name ; Value ; Type                                       ;
+----------------+-------+--------------------------------------------+
; count          ; 25    ; Signed Integer                             ;
+----------------+-------+--------------------------------------------+
Note: In order to hide this table in the UI and the text report file, please set the "Show Parameter Settings in Synthesis Report" option in "Analysis and Synthesis Settings -> More Settings" to "Off".


+---------------------------------------------------------------------+
; Parameter Settings for User Entity Instance: CLK_DIVIDER:b2v_inst20 ;
+----------------+-------+--------------------------------------------+
; Parameter Name ; Value ; Type                                       ;
+----------------+-------+--------------------------------------------+
; count          ; 25    ; Signed Integer                             ;
+----------------+-------+--------------------------------------------+
Note: In order to hide this table in the UI and the text report file, please set the "Show Parameter Settings in Synthesis Report" option in "Analysis and Synthesis Settings -> More Settings" to "Off".


+---------------------------------------------------------------+
; Parameter Settings for User Entity Instance: pulser:b2v_inst3 ;
+----------------+-------+--------------------------------------+
; Parameter Name ; Value ; Type                                 ;
+----------------+-------+--------------------------------------+
; count          ; 25    ; Signed Integer                       ;
+----------------+-------+--------------------------------------+
Note: In order to hide this table in the UI and the text report file, please set the "Show Parameter Settings in Synthesis Report" option in "Analysis and Synthesis Settings -> More Settings" to "Off".


+-------------------------------------------------------------------------------------------------------------------+
; Port Connectivity Checks: "addressBlock:b2v_inst2"                                                                ;
+---------+--------+----------+-------------------------------------------------------------------------------------+
; Port    ; Type   ; Severity ; Details                                                                             ;
+---------+--------+----------+-------------------------------------------------------------------------------------+
; address ; Output ; Info     ; Connected to dangling logic. Logic that only feeds a dangling port will be removed. ;
+---------+--------+----------+-------------------------------------------------------------------------------------+


+-------------------------------------------------------------------------------------------------------------------+
; Port Connectivity Checks: "FIFObuffer:b2v_inst16"                                                                 ;
+---------+--------+----------+-------------------------------------------------------------------------------------+
; Port    ; Type   ; Severity ; Details                                                                             ;
+---------+--------+----------+-------------------------------------------------------------------------------------+
; dataout ; Output ; Info     ; Connected to dangling logic. Logic that only feeds a dangling port will be removed. ;
+---------+--------+----------+-------------------------------------------------------------------------------------+


+-----------------------------------------------------+
; Post-Synthesis Netlist Statistics for Top Partition ;
+-------------------+---------------------------------+
; Type              ; Count                           ;
+-------------------+---------------------------------+
; boundary_port     ; 1                               ;
;                   ;                                 ;
; Max LUT depth     ; 0.00                            ;
; Average LUT depth ; 0.00                            ;
+-------------------+---------------------------------+


+-------------------------------+
; Elapsed Time Per Partition    ;
+----------------+--------------+
; Partition Name ; Elapsed Time ;
+----------------+--------------+
; Top            ; 00:00:00     ;
+----------------+--------------+


+-------------------------------+
; Analysis & Synthesis Messages ;
+-------------------------------+
Info: *******************************************************************
Info: Running Quartus Prime Analysis & Synthesis
    Info: Version 16.1.0 Build 196 10/24/2016 SJ Lite Edition
    Info: Processing started: Sat Feb 09 01:18:27 2019
Info: Command: quartus_map --read_settings_files=on --write_settings_files=off Data_Extraction_System -c Data_Extraction_System
Warning (18236): Number of processors has not been specified which may cause overloading on shared machines.  Set the global assignment NUM_PARALLEL_PROCESSORS in your QSF to an appropriate value for best performance.
Info (20030): Parallel compilation is enabled and will use 12 of the 12 processors detected
Info (12021): Found 1 design units, including 1 entities, in source file data_extraction_system.bdf
    Info (12023): Found entity 1: Data_Extraction_System
Info (12021): Found 2 design units, including 1 entities, in source file data_extraction_controller.vhd
    Info (12022): Found design unit 1: Data_Extraction_Controller-Data_Extraction_Controller File: C:/Users/Zed/Desktop/PROJ324 - Project Folder/PROJ324/VHDL/Data_Extraction_System/Data_Extraction_Controller.vhd Line: 30
    Info (12023): Found entity 1: Data_Extraction_Controller File: C:/Users/Zed/Desktop/PROJ324 - Project Folder/PROJ324/VHDL/Data_Extraction_System/Data_Extraction_Controller.vhd Line: 8
Info (12021): Found 2 design units, including 1 entities, in source file addressblock.vhd
    Info (12022): Found design unit 1: addressBlock-addressBlock File: C:/Users/Zed/Desktop/PROJ324 - Project Folder/PROJ324/VHDL/Data_Extraction_System/addressBlock.vhd Line: 22
    Info (12023): Found entity 1: addressBlock File: C:/Users/Zed/Desktop/PROJ324 - Project Folder/PROJ324/VHDL/Data_Extraction_System/addressBlock.vhd Line: 8
Info (12021): Found 2 design units, including 1 entities, in source file genpulse.vhd
    Info (12022): Found design unit 1: genPulse-genPulse File: C:/Users/Zed/Desktop/PROJ324 - Project Folder/PROJ324/VHDL/Data_Extraction_System/genPulse.vhd Line: 22
    Info (12023): Found entity 1: genPulse File: C:/Users/Zed/Desktop/PROJ324 - Project Folder/PROJ324/VHDL/Data_Extraction_System/genPulse.vhd Line: 8
Info (12021): Found 2 design units, including 1 entities, in source file spi_master1.vhd
    Info (12022): Found design unit 1: spi_master1-spi_master1 File: C:/Users/Zed/Desktop/PROJ324 - Project Folder/PROJ324/VHDL/Data_Extraction_System/spi_master1.vhd Line: 28
    Info (12023): Found entity 1: spi_master1 File: C:/Users/Zed/Desktop/PROJ324 - Project Folder/PROJ324/VHDL/Data_Extraction_System/spi_master1.vhd Line: 5
Info (12021): Found 2 design units, including 1 entities, in source file xdomain_s2f.vhd
    Info (12022): Found design unit 1: xDomain_s2f-xDomain_s2f File: C:/Users/Zed/Desktop/PROJ324 - Project Folder/PROJ324/VHDL/Data_Extraction_System/xDomain_s2f.vhd Line: 23
    Info (12023): Found entity 1: xDomain_s2f File: C:/Users/Zed/Desktop/PROJ324 - Project Folder/PROJ324/VHDL/Data_Extraction_System/xDomain_s2f.vhd Line: 8
Info (12021): Found 2 design units, including 1 entities, in source file fifobuffer.vhd
    Info (12022): Found design unit 1: FIFObuffer-FIFObuffer File: C:/Users/Zed/Desktop/PROJ324 - Project Folder/PROJ324/VHDL/Data_Extraction_System/FIFObuffer.vhd Line: 28
    Info (12023): Found entity 1: FIFObuffer File: C:/Users/Zed/Desktop/PROJ324 - Project Folder/PROJ324/VHDL/Data_Extraction_System/FIFObuffer.vhd Line: 8
Info (12021): Found 2 design units, including 1 entities, in source file accesscontrol.vhd
    Info (12022): Found design unit 1: accessControl-accessControl File: C:/Users/Zed/Desktop/PROJ324 - Project Folder/PROJ324/VHDL/Data_Extraction_System/accessControl.vhd Line: 32
    Info (12023): Found entity 1: accessControl File: C:/Users/Zed/Desktop/PROJ324 - Project Folder/PROJ324/VHDL/Data_Extraction_System/accessControl.vhd Line: 8
Info (12021): Found 2 design units, including 1 entities, in source file clk_divider.vhd
    Info (12022): Found design unit 1: CLK_DIVIDER-CLK_DIVIDER_V1 File: C:/Users/Zed/Desktop/PROJ324 - Project Folder/PROJ324/VHDL/Data_Extraction_System/CLK_DIVIDER.vhd Line: 26
    Info (12023): Found entity 1: CLK_DIVIDER File: C:/Users/Zed/Desktop/PROJ324 - Project Folder/PROJ324/VHDL/Data_Extraction_System/CLK_DIVIDER.vhd Line: 14
Info (12021): Found 1 design units, including 1 entities, in source file des_test.bdf
    Info (12023): Found entity 1: DES_TEST
Info (12021): Found 2 design units, including 1 entities, in source file tst.vhd
    Info (12022): Found design unit 1: tst-tst File: C:/Users/Zed/Desktop/PROJ324 - Project Folder/PROJ324/VHDL/Data_Extraction_System/tst.vhd Line: 22
    Info (12023): Found entity 1: tst File: C:/Users/Zed/Desktop/PROJ324 - Project Folder/PROJ324/VHDL/Data_Extraction_System/tst.vhd Line: 8
Info (12021): Found 2 design units, including 1 entities, in source file desrx.vhd
    Info (12022): Found design unit 1: DESrx-DESrx File: C:/Users/Zed/Desktop/PROJ324 - Project Folder/PROJ324/VHDL/Data_Extraction_System/DESrx.vhd Line: 25
    Info (12023): Found entity 1: DESrx File: C:/Users/Zed/Desktop/PROJ324 - Project Folder/PROJ324/VHDL/Data_Extraction_System/DESrx.vhd Line: 8
Info (12021): Found 2 design units, including 1 entities, in source file destx.vhd
    Info (12022): Found design unit 1: DEStx-DEStx File: C:/Users/Zed/Desktop/PROJ324 - Project Folder/PROJ324/VHDL/Data_Extraction_System/DEStx.vhd Line: 25
    Info (12023): Found entity 1: DEStx File: C:/Users/Zed/Desktop/PROJ324 - Project Folder/PROJ324/VHDL/Data_Extraction_System/DEStx.vhd Line: 8
Info (12021): Found 1 design units, including 1 entities, in source file readmpu.bdf
    Info (12023): Found entity 1: ReadMPU
Info (12021): Found 2 design units, including 1 entities, in source file readmpu1.vhd
    Info (12022): Found design unit 1: ReadMPU1-bdf_type File: C:/Users/Zed/Desktop/PROJ324 - Project Folder/PROJ324/VHDL/Data_Extraction_System/ReadMPU1.vhd Line: 35
    Info (12023): Found entity 1: ReadMPU1 File: C:/Users/Zed/Desktop/PROJ324 - Project Folder/PROJ324/VHDL/Data_Extraction_System/ReadMPU1.vhd Line: 25
Info (12021): Found 2 design units, including 1 entities, in source file pulser.vhd
    Info (12022): Found design unit 1: pulser-pulser File: C:/Users/Zed/Desktop/PROJ324 - Project Folder/PROJ324/VHDL/Data_Extraction_System/pulser.vhd Line: 21
    Info (12023): Found entity 1: pulser File: C:/Users/Zed/Desktop/PROJ324 - Project Folder/PROJ324/VHDL/Data_Extraction_System/pulser.vhd Line: 8
Info (12021): Found 2 design units, including 1 entities, in source file readmpu2.vhd
    Info (12022): Found design unit 1: ReadMPU2-bdf_type File: C:/Users/Zed/Desktop/PROJ324 - Project Folder/PROJ324/VHDL/Data_Extraction_System/ReadMPU2.vhd Line: 32
    Info (12023): Found entity 1: ReadMPU2 File: C:/Users/Zed/Desktop/PROJ324 - Project Folder/PROJ324/VHDL/Data_Extraction_System/ReadMPU2.vhd Line: 25
Info (12021): Found 1 design units, including 1 entities, in source file senddata.bdf
    Info (12023): Found entity 1: SendData
Info (12021): Found 2 design units, including 1 entities, in source file senddata1.vhd
    Info (12022): Found design unit 1: SendData1-bdf_type File: C:/Users/Zed/Desktop/PROJ324 - Project Folder/PROJ324/VHDL/Data_Extraction_System/SendData1.vhd Line: 32
    Info (12023): Found entity 1: SendData1 File: C:/Users/Zed/Desktop/PROJ324 - Project Folder/PROJ324/VHDL/Data_Extraction_System/SendData1.vhd Line: 25
Info (12127): Elaborating entity "SendData1" for the top level hierarchy
Warning (10541): VHDL Signal Declaration warning at SendData1.vhd(102): used implicit default value for signal "IMU0" because signal was never assigned a value or an explicit default value. Use of implicit default value may introduce unintended design optimizations. File: C:/Users/Zed/Desktop/PROJ324 - Project Folder/PROJ324/VHDL/Data_Extraction_System/SendData1.vhd Line: 102
Info (12128): Elaborating entity "DESrx" for hierarchy "DESrx:b2v_inst" File: C:/Users/Zed/Desktop/PROJ324 - Project Folder/PROJ324/VHDL/Data_Extraction_System/SendData1.vhd Line: 113
Info (12128): Elaborating entity "pulser" for hierarchy "pulser:b2v_inst1" File: C:/Users/Zed/Desktop/PROJ324 - Project Folder/PROJ324/VHDL/Data_Extraction_System/SendData1.vhd Line: 122
Info (12128): Elaborating entity "DEStx" for hierarchy "DEStx:b2v_inst15" File: C:/Users/Zed/Desktop/PROJ324 - Project Folder/PROJ324/VHDL/Data_Extraction_System/SendData1.vhd Line: 130
Info (12128): Elaborating entity "FIFObuffer" for hierarchy "FIFObuffer:b2v_inst16" File: C:/Users/Zed/Desktop/PROJ324 - Project Folder/PROJ324/VHDL/Data_Extraction_System/SendData1.vhd Line: 140
Warning (10492): VHDL Process Statement warning at FIFObuffer.vhd(108): signal "NS" is read inside the Process Statement but isn't in the Process Statement's sensitivity list File: C:/Users/Zed/Desktop/PROJ324 - Project Folder/PROJ324/VHDL/Data_Extraction_System/FIFObuffer.vhd Line: 108
Warning (10492): VHDL Process Statement warning at FIFObuffer.vhd(110): signal "OS" is read inside the Process Statement but isn't in the Process Statement's sensitivity list File: C:/Users/Zed/Desktop/PROJ324 - Project Folder/PROJ324/VHDL/Data_Extraction_System/FIFObuffer.vhd Line: 110
Warning (10492): VHDL Process Statement warning at FIFObuffer.vhd(114): signal "NS" is read inside the Process Statement but isn't in the Process Statement's sensitivity list File: C:/Users/Zed/Desktop/PROJ324 - Project Folder/PROJ324/VHDL/Data_Extraction_System/FIFObuffer.vhd Line: 114
Warning (10492): VHDL Process Statement warning at FIFObuffer.vhd(116): signal "OS" is read inside the Process Statement but isn't in the Process Statement's sensitivity list File: C:/Users/Zed/Desktop/PROJ324 - Project Folder/PROJ324/VHDL/Data_Extraction_System/FIFObuffer.vhd Line: 116
Warning (10492): VHDL Process Statement warning at FIFObuffer.vhd(120): signal "NS" is read inside the Process Statement but isn't in the Process Statement's sensitivity list File: C:/Users/Zed/Desktop/PROJ324 - Project Folder/PROJ324/VHDL/Data_Extraction_System/FIFObuffer.vhd Line: 120
Warning (10492): VHDL Process Statement warning at FIFObuffer.vhd(122): signal "OS" is read inside the Process Statement but isn't in the Process Statement's sensitivity list File: C:/Users/Zed/Desktop/PROJ324 - Project Folder/PROJ324/VHDL/Data_Extraction_System/FIFObuffer.vhd Line: 122
Warning (10631): VHDL Process Statement warning at FIFObuffer.vhd(104): inferring latch(es) for signal or variable "empty", which holds its previous value in one or more paths through the process File: C:/Users/Zed/Desktop/PROJ324 - Project Folder/PROJ324/VHDL/Data_Extraction_System/FIFObuffer.vhd Line: 104
Info (10041): Inferred latch for "empty" at FIFObuffer.vhd(104) File: C:/Users/Zed/Desktop/PROJ324 - Project Folder/PROJ324/VHDL/Data_Extraction_System/FIFObuffer.vhd Line: 104
Info (12128): Elaborating entity "addressBlock" for hierarchy "addressBlock:b2v_inst2" File: C:/Users/Zed/Desktop/PROJ324 - Project Folder/PROJ324/VHDL/Data_Extraction_System/SendData1.vhd Line: 151
Info (12128): Elaborating entity "CLK_DIVIDER" for hierarchy "CLK_DIVIDER:b2v_inst20" File: C:/Users/Zed/Desktop/PROJ324 - Project Folder/PROJ324/VHDL/Data_Extraction_System/SendData1.vhd Line: 158
Info (17049): 166 registers lost all their fanouts during netlist optimizations.
Info (16010): Generating hard_block partition "hard_block:auto_generated_inst"
    Info (16011): Adding 0 node(s), including 0 DDIO, 0 PLL, 0 transceiver and 0 LCELL
Warning (21074): Design contains 1 input pin(s) that do not drive logic
    Warning (15610): No output dependent on input pin "CLK_50MHz" File: C:/Users/Zed/Desktop/PROJ324 - Project Folder/PROJ324/VHDL/Data_Extraction_System/SendData1.vhd Line: 28
Info (21057): Implemented 1 device resources after synthesis - the final resource count might be different
    Info (21058): Implemented 1 input pins
    Info (21059): Implemented 0 output pins
Info: Quartus Prime Analysis & Synthesis was successful. 0 errors, 11 warnings
    Info: Peak virtual memory: 4805 megabytes
    Info: Processing ended: Sat Feb 09 01:18:38 2019
    Info: Elapsed time: 00:00:11
    Info: Total CPU time (on all processors): 00:00:23


